<html xmlns="http://www.w3.org/1999/xhtml" lang="en">
        <head>
                <title>Bioinformatics and Systems Medicine Laboratory,
                        Vanderbilt</title>

<script type="text/javascript">
//<![CDATA[
window["_csrf_"] = "08ca56580d84980006c37cd257546390ee0c6539a2da6367ba801e172c0e60e5758573b067b9cc6300c901afcce00d426d4acb6a4d692c861c9547492ac6d5d73572b980987a04ef5d0efb26ac13e4814a18e764f2a795d2bd6e43ac761ae0e9b740d5556bbb9ee2fe033cc96916f6775a4f57b001a1de46073b841736e2ce9a94d7836c93f367ce610ba5c9e0f1bd1d25ace6ab58720d85a67d8b9b94e98a58";
//]]>
</script><script type="text/javascript" src="/TSbd/08c06bf6a0ab2000fd0f374c6a159a41667366804eea32a51f25a46f668689eae73995e5ac3bb7a6?type=2"></script><script>
if(top != window) {
  top.location = window.location
}

if (self == top) {
  var theBody = document.getElementsByTagName('body')[0]
  theBody.style.display = "block"
} else {
  top.location = self.location
}
</script>
                <meta http-equiv="Content-Type" content="text/html; charset=utf-8" />
                <meta
                        content="Zhongming Zhao bioinformatics systems biology genomics cancer psychiatry"
                        name=keywords />
                <meta
                        content="Bioinformatics and Systems Biology Laboratory at Vanderbilt"
                        name=description />
                <link rel="stylesheet" type="text/css" href="style.css" />

<meta http-equiv="X-Frame-Options" content="deny">      </head>
        <body>
<font size=10>
<BR><BR><BR>404<BR>
PAGE NOT FOUND</font>
<font size=4><BR><BR><BR><BR>
Copyright © 2016-Present - The University of Texas Health Science Center at Houston @<BR>
Site Policies | State of Texas 
</font>
        </body>
</html>

